// Jest Snapshot v1, https://goo.gl/fbAQLP

exports[`renders correctly 1`] = `
<div
  className="sc-AxjAm lcQul"
  type="home"
>
  <div
    className="sc-AxirZ hJFEXp"
  >
    Menu
  </div>
  <div
    className="sc-AxiKw jcwHUa"
  >
    <ul
      className="sc-AxhCb lgZvpc"
    >
      <li
        className="sc-AxhUy hPwAZu"
      >
        <a
          className="sc-fzozJi cKkbkO"
          href="/home/create"
          onClick={[Function]}
          text="Create New Game"
        >
          Create New Game
        </a>
      </li>
      <li
        className="sc-AxhUy hPwAZu"
      >
        <a
          className="sc-fzozJi cKkbkO"
          href="/home/join"
          onClick={[Function]}
          text="Join Game"
        >
          Join Game
        </a>
      </li>
      <li
        className="sc-AxhUy hPwAZu"
      >
        <a
          className="sc-fzozJi cKkbkO"
          href="/home/rules/0"
          onClick={[Function]}
          text="How to Play"
        >
          How to Play
        </a>
      </li>
      <li
        className="sc-AxhUy hPwAZu"
      >
        <a
          className="sc-fzozJi cKkbkO"
          href="/submit"
          onClick={[Function]}
          text="Submit a Card"
        >
          Submit a Card
        </a>
      </li>
    </ul>
  </div>
</div>
`;
