// Jest Snapshot v1, https://goo.gl/fbAQLP

exports[`PreRound renders correctly 1`] = `
Array [
  <div
    className="sc-fznyAO jsVmx"
  >
    <p
      className="sc-fznKkj eHRxXJ"
    >
      Scores
    </p>
    <ul
      className="sc-fznZeY ieMCnc"
    >
      <li
        className="sc-fzokOt cYNxQC"
      >
        Team 
        1
        : 
        <span>
          2
        </span>
      </li>
      <li
        className="sc-fzokOt cYNxQC"
      >
        Team 
        2
        : 
        <span>
          3
        </span>
      </li>
    </ul>
  </div>,
  <div
    className="sc-AxjAm fAwBWA"
  >
    <div
      className="sc-AxiKw dGnLMo"
    >
      Just Relax!
    </div>
    <div
      className="sc-AxhCb JZaCe"
    >
      <p
        className="sc-fzpans ifLBye"
      >
        It's the other team's turn to guess! 
        <span
          className="sc-fzplWN kxXpQP"
        >
          Danielle
        </span>
         
        will be giving the clues, and 
        <span
          className="sc-fzplWN kxXpQP"
        >
          Stephen
        </span>
         will be checking for any illegal clues.
      </p>
    </div>
  </div>,
]
`;
