// Jest Snapshot v1, https://goo.gl/fbAQLP

exports[`renders correctly 1`] = `
<div
  className="btnContainer"
>
  <button
    className="button "
    handleClick={[MockFunction]}
    text="Back"
  >
    Back
  </button>
  <button
    className="button "
    handleClick={[MockFunction]}
    text="Next"
  >
    Next
  </button>
</div>
`;
