// Jest Snapshot v1, https://goo.gl/fbAQLP

exports[`Button Container renders and functions correctly Button Container renders correctly 1`] = `
.c1 {
  width: 47%;
  padding: 0.6rem 0rem;
  border: none;
  border-radius: 2px;
  background-color: #f7f9f9;
  font-size: 2.3rem;
  font-family: 'Oswald',sans-serif;
  text-transform: uppercase;
  color: #1982C4;
}

.c1:hover {
  -webkit-transform: translateY(-2px);
  -ms-transform: translateY(-2px);
  transform: translateY(-2px);
}

.c1:active {
  -webkit-filter: brightness(0.8);
  filter: brightness(0.8);
  -webkit-transform: translateY(2px);
  -ms-transform: translateY(2px);
  transform: translateY(2px);
}

.c1:focus {
  border: none;
  outline: solid 2px #8AC926;
}

.c1:disabled {
  -webkit-filter: brightness(0.6);
  filter: brightness(0.6);
  cursor: not-allowed;
}

.c2 {
  width: 47%;
  padding: 0.6rem 0rem;
  border: none;
  border-radius: 2px;
  background-color: #f7f9f9;
  font-size: 2.3rem;
  font-family: 'Oswald',sans-serif;
  text-transform: uppercase;
  color: #1982C4;
  color: #f7f9f9;
  background-color: #8AC926;
}

.c2:hover {
  -webkit-transform: translateY(-2px);
  -ms-transform: translateY(-2px);
  transform: translateY(-2px);
}

.c2:active {
  -webkit-filter: brightness(0.8);
  filter: brightness(0.8);
  -webkit-transform: translateY(2px);
  -ms-transform: translateY(2px);
  transform: translateY(2px);
}

.c2:focus {
  border: none;
  outline: solid 2px #8AC926;
}

.c2:disabled {
  -webkit-filter: brightness(0.6);
  filter: brightness(0.6);
  cursor: not-allowed;
}

.c2:focus {
  outline: solid 2px #f7f9f9;
}

.c0 {
  margin-top: 1.5rem;
  display: -webkit-box;
  display: -webkit-flex;
  display: -ms-flexbox;
  display: flex;
  -webkit-box-pack: justify;
  -webkit-justify-content: space-between;
  -ms-flex-pack: justify;
  justify-content: space-between;
  -webkit-flex-wrap: wrap;
  -ms-flex-wrap: wrap;
  flex-wrap: wrap;
}

<div
  className="c0"
>
  <button
    className="c1"
    onClick={[MockFunction]}
  >
    Back
  </button>
  <button
    className="c2"
    onClick={[MockFunction]}
  >
    Next
  </button>
</div>
`;
