// Jest Snapshot v1, https://goo.gl/fbAQLP

exports[`Button Container renders correctly 1`] = `
.c1 {
  border: none;
  color: #ee5b2c;
  background-color: #f7f9f9;
  width: 47%;
  padding: 0.6rem 0rem;
  border-radius: 2px;
  font-size: 2.3rem;
  font-family: var(--font-family--display);
  text-transform: uppercase;
}

.c1:active {
  outline: none;
  -webkit-filter: brightness(0.8);
  filter: brightness(0.8);
  -webkit-transform: translateY(2px);
  -ms-transform: translateY(2px);
  transform: translateY(2px);
}

.c2 {
  border: none;
  color: #ee5b2c;
  background-color: #f7f9f9;
  width: 47%;
  padding: 0.6rem 0rem;
  border-radius: 2px;
  font-size: 2.3rem;
  font-family: var(--font-family--display);
  text-transform: uppercase;
  color: #f7f9f9;
  background-color: #ee5b2c;
  width: 47%;
}

.c2:active {
  outline: none;
  -webkit-filter: brightness(0.8);
  filter: brightness(0.8);
  -webkit-transform: translateY(2px);
  -ms-transform: translateY(2px);
  transform: translateY(2px);
}

.c2:active {
  -webkit-filter: brightness(1.2);
  filter: brightness(1.2);
}

.c0 {
  margin-top: 1.5rem;
  display: -webkit-box;
  display: -webkit-flex;
  display: -ms-flexbox;
  display: flex;
  -webkit-box-pack: justify;
  -webkit-justify-content: space-between;
  -ms-flex-pack: justify;
  justify-content: space-between;
  -webkit-flex-wrap: wrap;
  -ms-flex-wrap: wrap;
  flex-wrap: wrap;
}

<div
  className="c0"
>
  <button
    className="c1"
    onClick={[MockFunction]}
  >
    Back
  </button>
  <button
    className="c2"
    onClick={[MockFunction]}
  >
    Next
  </button>
</div>
`;
