// Jest Snapshot v1, https://goo.gl/fbAQLP

exports[`Inround rendering and functionality renders correctly 1`] = `
Array [
  <div
    className="sc-AxjAm ldGgOs"
  >
    <div
      className="sc-AxirZ ljZGdt"
      width="80%"
    />
  </div>,
  <div
    className="sc-AxiKw cnMqsX"
  >
    <div
      className="sc-AxhUy flvuPt"
    >
      apple
    </div>
    <div
      className="sc-AxgMl fmQkUd"
    >
      <ul
        className="sc-AxheI dpNzUY"
      >
        <li
          className="sc-Axmtr eKdZYh"
        >
          red
        </li>
        <li
          className="sc-Axmtr eKdZYh"
        >
          shiny
        </li>
        <li
          className="sc-Axmtr eKdZYh"
        >
          round
        </li>
        <li
          className="sc-Axmtr eKdZYh"
        >
          fruit
        </li>
        <li
          className="sc-Axmtr eKdZYh"
        >
          Eve
        </li>
      </ul>
    </div>
    <div
      className="sc-fzplWN buDbqD"
    >
      <button
        className="sc-AxmLO cmqLOv"
        disabled={false}
        onClick={[Function]}
      >
        Skip!
      </button>
      <button
        className="sc-AxmLO sc-fzozJi ZeZOx"
        disabled={false}
        onClick={[Function]}
      >
        Next!
      </button>
    </div>
  </div>,
]
`;
