// Jest Snapshot v1, https://goo.gl/fbAQLP

exports[`Inround rendering and functionality renders correctly 1`] = `
Array [
  <div
    className="sc-AxjAm gtWhgV"
  >
    <div
      className="sc-AxirZ hQvBzJ"
      width={100}
    />
    <div
      className="sc-AxiKw hqcVBg"
      width={100}
    >
      60
    </div>
  </div>,
  <p>
    Preparing to change rounds
  </p>,
]
`;
