// Jest Snapshot v1, https://goo.gl/fbAQLP

exports[`LoadingCard renders correctly 1`] = `
.c1 {
  width: 30rem;
  margin: 0 auto;
  padding: 2rem;
  border-radius: 2px;
  position: relative;
  background-color: currentColor;
  color: #1982C4;
}

.c1:before {
  z-index: -1;
  position: absolute;
  content: '';
  bottom: 1.2rem;
  left: 0.5rem;
  width: 50%;
  top: 80%;
  max-width: 300px;
  background: #777;
  box-shadow: 0 1.5rem 1rem rgba(0,0,0,0.4);
  -webkit-transform: rotate(-3deg);
  -ms-transform: rotate(-3deg);
  transform: rotate(-3deg);
}

.c2 {
  background-color: #f7f9f9;
  padding: 1.2rem;
  text-align: center;
  border-radius: 2px;
  font-family: 'Oswald',sans-serif;
  font-size: 4rem;
  color: inherit;
  font-weight: 400;
  text-transform: uppercase;
}

.c3 {
  padding: 3.5rem .5rem;
  font-size: 3.5rem;
  color: #333333;
}

.c0 {
  position: absolute;
  left: 50%;
  top: 50%;
  -webkit-transform: translate(-50%,-50%);
  -ms-transform: translate(-50%,-50%);
  transform: translate(-50%,-50%);
  z-index: 1000;
}

<div
  className="c0"
>
  <div
    className="c1"
  >
    <div
      className="c2"
    >
      <p
        className="c3"
      >
        Fetching deck
      </p>
    </div>
  </div>
</div>
`;
