// Jest Snapshot v1, https://goo.gl/fbAQLP

exports[`renders correctly 1`] = `
<div
  className="taboo-card taboo-card--home"
>
  <div
    className="taboo-card__word-container"
  >
    <p
      className="taboo-card__word"
    >
      How to Play
    </p>
  </div>
  <div
    className="taboo-card__list-container"
  >
    <h5>
      Setup
    </h5>
    <p>
      There are 2 teams per game. Each round, a giver is chosen from one team, and a watcher is chosen from the other team.&lt;/p&gt;&lt;&gt; The giver and watcher will rotate between teams after each round.
    </p>
  </div>
  <div
    className="btnContainer"
  >
    <button
      className="button "
      onClick={[Function]}
    >
      Close
    </button>
    <button
      className="button button--primary-color"
      onClick={[Function]}
    >
      Next
    </button>
  </div>
</div>
`;
