// Jest Snapshot v1, https://goo.gl/fbAQLP

exports[`renders correctly 1`] = `
<div
  className="sc-AxjAm fAwBWA"
>
  <div
    className="sc-AxiKw dGnLMo"
  >
    Players
  </div>
  <div
    className="sc-AxhCb JZaCe"
  >
     
    <div
      className="sc-fzpans jJotph"
    >
      <p
        className="sc-fzplWN hygBPm"
      >
        Unassigned
      </p>
      <ul
        className="sc-fznyAO ilydmm"
      >
        <li
          className="sc-fznKkj lnRDMo"
        >
          Alexa
           
          <svg
            className="sc-fznZeY jcDVPA"
          >
            star-full.svg
          </svg>
        </li>
      </ul>
    </div>
    <div
      className="sc-fzpans jJotph"
    >
      <p
        className="sc-fzplWN hygBPm"
      >
        Team 1
      </p>
      <ul
        className="sc-fznyAO ilydmm"
      >
        <p>
          No players added
        </p>
      </ul>
    </div>
    <div
      className="sc-fzpans jJotph"
    >
      <p
        className="sc-fzplWN hygBPm"
      >
        Team 2
      </p>
      <ul
        className="sc-fznyAO ilydmm"
      >
        <p>
          No players added
        </p>
      </ul>
    </div>
  </div>
</div>
`;
