// Jest Snapshot v1, https://goo.gl/fbAQLP

exports[`InstructionsText renders correctly 1`] = `
.c0 {
  font-size: 2rem;
  margin-bottom: 2rem;
  padding: 0 1rem;
  text-align: left;
  color: #333333;
}

.c0:not(:last-child) {
  margin-bottom: 1rem;
}

<p
  className="c0"
>
  Here are some instructions to display.
</p>
`;
