// Jest Snapshot v1, https://goo.gl/fbAQLP

exports[`Wrapper renders correctly 1`] = `
.c0 {
  padding: 1rem 0rem 6rem 0rem;
  min-height: 100vh;
  position: relative;
  z-index: 0;
  width: 30rem;
  max-width: 100%;
  margin: 0 auto;
}

<div
  className="c0"
>
  <h1>
    I am a child element
  </h1>
</div>
`;
