// Jest Snapshot v1, https://goo.gl/fbAQLP

exports[`renders correctly 1`] = `
Array [
  <div
    className="taboo-card taboo-card--middle"
  >
    <div
      className="taboo-card__word-container"
    >
      <p
        className="taboo-card__word"
      >
        Taboo!
      </p>
    </div>
    <div
      className="taboo-card__list-container"
    >
      <ul
        className="taboo-card__list"
      >
        <li
          className="taboo-card__list-item"
        >
          Taboo!
        </li>
        <li
          className="taboo-card__list-item"
        >
          Taboo!
        </li>
        <li
          className="taboo-card__list-item"
        >
          Taboo!
        </li>
        <li
          className="taboo-card__list-item"
        >
          Taboo!
        </li>
      </ul>
    </div>
  </div>,
  <div
    className="taboo-card taboo-card--bottom"
  >
    <div
      className="taboo-card__word-container"
    >
      <p
        className="taboo-card__word"
      >
        Taboo!
      </p>
    </div>
    <div
      className="taboo-card__list-container"
    >
      <ul
        className="taboo-card__list"
      >
        <li
          className="taboo-card__list-item"
        >
          Taboo!
        </li>
        <li
          className="taboo-card__list-item"
        >
          Taboo!
        </li>
        <li
          className="taboo-card__list-item"
        >
          Taboo!
        </li>
        <li
          className="taboo-card__list-item"
        >
          Taboo!
        </li>
      </ul>
    </div>
  </div>,
]
`;
